// Jest Snapshot v1, https://goo.gl/fbAQLP

exports[`components/atoms/Loading renders 1`] = `
<img
  src="download.svg"
/>
`;
